// Jest Snapshot v1, https://goo.gl/fbAQLP

exports[`matches snapshot 1`] = `
<input
  checked={false}
  onChange={[Function]}
  type="checkbox"
/>
`;
